// Vitest Snapshot v1, https://vitest.dev/guide/snapshot.html

exports[`MET-001 · состав эталонных страниц под снимком > состав экранов не менялся молча 1`] = `
{
  "/courses/[id]": {
    "блоки": [
      "Версии программы",
      "Документы по окончании курса",
      "Нормативные параметры программы",
      "Проверки внутри программы (\${moduleTests.length})",
      "Программа",
      "Что мешает опубликовать курс",
    ],
    "заголовок страницы": [
      "(вычисляется из данных)",
      "Курсы",
    ],
    "кнопки": [
      "Добавить в пакет",
      "Добавить версию",
      "Добавить материал",
      "Добавить модуль",
      "Опубликовать версию",
      "Отмена",
      "Создать новую версию, чтобы изменить",
      "Сохранить пакет",
      "Сохранить черновик",
      "Удалить из программы",
      "↑",
      "↓",
    ],
    "колонки": [
      "Версия",
      "Изменён",
      "Код",
      "Курс",
      "Статус",
    ],
    "первичное действие": [
      "Создать курс",
    ],
    "подписи (действия строк и поля карточек)": [
      "В архив",
      "В архиве",
      "Опубликован",
      "Создать курс",
      "Создать первый курс",
      "Черновик",
    ],
    "пустые состояния": [
      "Версий пока нет",
      "Здесь появятся курсы",
      "Модулей пока нет",
      "Пакет документов появится вместе с первой версией",
      "Пакет ещё не настроен",
      "Параметры появятся вместе с первой версией",
      "Промежуточных проверок нет",
    ],
  },
  "/learner": {
    "блоки": [
      "Мои курсы",
      "Что ещё есть в обучении",
    ],
    "заголовок страницы": [
      "(вычисляется из данных)",
    ],
    "кнопки": [],
    "колонки": [],
    "первичное действие": [],
    "подписи (действия строк и поля карточек)": [
      "Календарь окончаний",
      "Мои вебинары",
      "Мои задания",
    ],
    "пустые состояния": [
      "Курсы пока не назначены",
    ],
  },
  "/learner/tests": {
    "блоки": [
      "Доступные тесты",
      "Перед завершением",
    ],
    "заголовок страницы": [
      "Мои тесты",
    ],
    "кнопки": [
      "Вернуться к вопросам",
      "Выйти из теста",
      "Завершить тест",
      "Назад",
      "Отправить ссылку для подтверждения",
      "Следующий вопрос",
    ],
    "колонки": [],
    "первичное действие": [],
    "подписи (действия строк и поля карточек)": [],
    "пустые состояния": [
      "В тесте нет вопросов",
      "Не удалось загрузить попытку",
      "Не удалось загрузить тесты",
      "Тестов пока нет",
    ],
  },
  "/learners": {
    "блоки": [],
    "заголовок страницы": [
      "Слушатели",
    ],
    "кнопки": [
      "Добавить в группу",
    ],
    "колонки": [
      "Должность",
      "Подразделение",
      "СНИЛС",
      "Статус",
      "ФИО",
      "Электронная почта",
    ],
    "первичное действие": [
      "Завести слушателя",
    ],
    "подписи (действия строк и поля карточек)": [
      "Архивировать",
      "Выгрузить выбранных",
      "Добавить в группу",
      "Завести слушателя",
      "Открыть карточку",
    ],
    "пустые состояния": [
      "Слушателей пока нет",
    ],
  },
  "/learners/[id]": {
    "блоки": [
      "Выданные документы",
      "История",
      "Коротко",
      "Обучение",
    ],
    "заголовок страницы": [
      "(вычисляется из данных)",
    ],
    "кнопки": [],
    "колонки": [
      "Группа",
      "Дата",
      "Документы",
      "Завершил",
      "Зачислен",
      "Итог",
      "Когда",
      "Кто",
      "Над чем",
      "Программа",
      "Статус",
      "Тип",
      "Что произошло",
      "№ документа",
    ],
    "первичное действие": [
      "Редактировать личное дело",
    ],
    "подписи (действия строк и поля карточек)": [
      "Вход в кабинет",
      "Выслать доступ",
      "Документы",
      "Заведён",
      "История",
      "Личное дело",
      "Личный номер",
      "Обезличить данные",
      "Обучение",
      "Почта",
      "Редактировать личное дело",
      "Скачать личное дело (PDF)",
      "Статус",
      "Файлы",
    ],
    "пустые состояния": [
      "Документы не выданы",
      "Загружаем документы…",
      "Загружаем зачисления…",
      "Загружаем историю…",
      "Загружаем карточку…",
      "Слушатель пока никуда не зачислен",
      "Событий пока нет",
    ],
  },
  "/login": {
    "блоки": [],
    "заголовок страницы": [
      "Вход",
      "Подтверждение входа",
    ],
    "кнопки": [
      "Войти",
      "Назад ко входу",
      "Подтвердить код",
    ],
    "колонки": [],
    "первичное действие": [],
    "подписи (действия строк и поля карточек)": [],
    "пустые состояния": [],
  },
  "/settings": {
    "блоки": [
      "Безопасность",
      "Внешний вид",
    ],
    "заголовок страницы": [
      "Настройки",
    ],
    "кнопки": [],
    "колонки": [],
    "первичное действие": [],
    "подписи (действия строк и поля карточек)": [],
    "пустые состояния": [],
  },
  "/workspace": {
    "блоки": [
      "Блокеры",
      "Задачи",
      "Разобрать",
      "С чего начать",
      "Следующие действия",
    ],
    "заголовок страницы": [
      "Оперативная панель",
    ],
    "кнопки": [],
    "колонки": [
      "Блокер",
      "Задача",
      "Критичность",
      "Срок",
      "Статус",
    ],
    "первичное действие": [],
    "подписи (действия строк и поля карточек)": [
      "Обновить",
    ],
    "пустые состояния": [
      "Загружаем оперативную панель…",
      "По этому фильтру блокеров нет",
      "По этому фильтру задач нет",
      "Подсказок пока нет",
    ],
  },
}
`;
