// Vitest Snapshot v1, https://vitest.dev/guide/snapshot.html

exports[`MET-001 · состав эталонных страниц под снимком > состав экранов не менялся молча 1`] = `
{
  "/learners": {
    "блоки": [],
    "заголовок страницы": [
      "Слушатели",
    ],
    "кнопки": [],
    "колонки": [
      "Должность",
      "Подразделение",
      "СНИЛС",
      "Статус",
      "ФИО",
      "Электронная почта",
    ],
    "первичное действие": [
      "Завести слушателя",
    ],
    "подписи (действия строк и поля карточек)": [
      "Архивировать",
      "Завести слушателя",
      "Открыть карточку",
    ],
    "пустые состояния": [
      "Слушателей пока нет",
    ],
  },
  "/learners/[id]": {
    "блоки": [
      "Коротко",
      "Обучение",
    ],
    "заголовок страницы": [
      "(вычисляется из данных)",
    ],
    "кнопки": [],
    "колонки": [
      "Группа",
      "Зачислен",
      "Курс",
      "Статус",
    ],
    "первичное действие": [],
    "подписи (действия строк и поля карточек)": [
      "Вход в кабинет",
      "Заведён",
      "Личный номер",
      "Почта",
      "Статус",
    ],
    "пустые состояния": [
      "Загружаем зачисления…",
      "Загружаем карточку…",
      "Слушатель пока никуда не зачислен",
    ],
  },
  "/login": {
    "блоки": [],
    "заголовок страницы": [
      "Вход",
      "Подтверждение входа",
    ],
    "кнопки": [
      "Войти",
      "Назад ко входу",
      "Подтвердить код",
    ],
    "колонки": [],
    "первичное действие": [],
    "подписи (действия строк и поля карточек)": [],
    "пустые состояния": [],
  },
  "/settings": {
    "блоки": [
      "Безопасность",
      "Внешний вид",
      "Разделы настроек",
    ],
    "заголовок страницы": [
      "Настройки",
    ],
    "кнопки": [],
    "колонки": [],
    "первичное действие": [],
    "подписи (действия строк и поля карточек)": [],
    "пустые состояния": [],
  },
  "/workspace": {
    "блоки": [
      "Блокеры",
      "Задачи",
      "Разобрать",
      "Следующие действия",
      "Сценарий роли: \${journey.title}",
    ],
    "заголовок страницы": [
      "Оперативная панель",
    ],
    "кнопки": [],
    "колонки": [
      "Блокер",
      "Задача",
      "Критичность",
      "Срок",
      "Статус",
    ],
    "первичное действие": [],
    "подписи (действия строк и поля карточек)": [
      "Обновить",
    ],
    "пустые состояния": [
      "Загружаем оперативную панель…",
      "По этому фильтру блокеров нет",
      "По этому фильтру задач нет",
      "Подсказок пока нет",
    ],
  },
}
`;
